[upbitinvest.ltd/index.html]
[backblue.gif]
[fade.gif]
[index.html]
[maxcdn.bootstrapcdn.com/bootstrap/3.3.6/css/bootstrap.min.css]
[cdnjs.cloudflare.com/ajax/libs/font-awesome/4.6.3/css/font-awesome.min.css]
[upbitinvest.ltd/images/favicon.png]
[cdnjs.cloudflare.com/ajax/libs/font-awesome/4.7.0/css/font-awesome.min.css]
[use.fontawesome.com/releases/v5.7.2/css/all.css]
[maxcdn.bootstrapcdn.com/bootstrap/3.3.7/css/bootstrap.min.css]
[ajax.googleapis.com/ajax/libs/jquery/3.3.1/jquery.min.js]
[maxcdn.bootstrapcdn.com/bootstrap/3.3.7/js/bootstrap.min.js]
[upbitinvest.ltd/images/js/ie-emulation-modes-warning.js]
[ajax.googleapis.com/ajax/libs/jquery/3.2.1/jquery.min.js]
[code.jquery.com/jquery-latest.min.js]
[upbitinvest.ltd/images/js/calcs.js]
[cdnjs.cloudflare.com/ajax/libs/wow/0.1.12/wow.min.js]
[upbitinvest.ltd/images/js/wow.js]
[upbitinvest.ltd/images/js/jquery.min.js]
[upbitinvest.ltd/images/js/owl.carousel.js]
[upbitinvest.ltd/js/jquery.simplyscroll.min.js]
[upbitinvest.ltd/js/jquery.counterup.min.js]
[upbitinvest.ltd/js/html5lightbox.js]
[upbitinvest.ltd/images/logo.png]
[translate.google.com/translate_a/element.24a0d8.delayed]
[upbitinvest.ltd/indexbc14.html]
[upbitinvest.ltd/index38cd.html]
[upbitinvest.ltd/images/why1.png]
[upbitinvest.ltd/index1fa7.html]
[upbitinvest.ltd/indexa972.html]
[upbitinvest.ltd/index15a0.html]
[upbitinvest.ltd/indexc30b.html]
[upbitinvest.ltd/images/why2.png]
[upbitinvest.ltd/indexcca3.html]
[upbitinvest.ltd/images/why3.png]
[upbitinvest.ltd/images/why4.png]
[upbitinvest.ltd/images/about-img.png]
[upbitinvest.ltd/images/sta1.png]
[upbitinvest.ltd/certificate.pdf]
[upbitinvest.ltd/images/get.png]
[upbitinvest.ltd/images/open.png]
[upbitinvest.ltd/images/depo-box.png]
[upbitinvest.ltd/index489c.html]
[upbitinvest.ltd/images/1004.gif]
[upbitinvest.ltd/images/1000.gif]
[upbitinvest.ltd/images/refer-img.png]
[www.cryptonator.com/ui/js/widget/single_widget.js]
[upbitinvest.ltd/images/pay1.png]
[upbitinvest.ltd/images/pay2.png]
[upbitinvest.ltd/images/pay3.png]
[upbitinvest.ltd/images/pay4.png]
[upbitinvest.ltd/images/pay5.png]
[upbitinvest.ltd/index2851.html]
[upbitinvest.ltd/images/js/lity.js]
[upbitinvest.ltd/index.html]
[maxcdn.bootstrapcdn.com/bootstrap/3.3.6/css/bootstrap.min.css]
[cdnjs.cloudflare.com/ajax/libs/font-awesome/4.6.3/css/font-awesome.min.css]
[upbitinvest.ltd/fonts/Sanuk-Medium.woff]
[upbitinvest.ltd/fonts/Sanuk-Medium.ttf]
[upbitinvest.ltd/images/why-bg.jpg]
[upbitinvest.ltd/images/banner-bg.jpg]
[upbitinvest.ltd/images/banner-img.png]
[upbitinvest.ltd/images/login1.png]
[upbitinvest.ltd/images/login2.png]
[upbitinvest.ltd/images/sign1.png]
[upbitinvest.ltd/images/sign2.png]
[upbitinvest.ltd/images/number-bg.png]
[upbitinvest.ltd/images/icon-dot.png]
[upbitinvest.ltd/images/about-bg.jpg]
[upbitinvest.ltd/images/abo1.png]
[upbitinvest.ltd/images/abo2.png]
[upbitinvest.ltd/images/abo3.png]
[upbitinvest.ltd/images/abo-1.png]
[upbitinvest.ltd/images/abo-2.png]
[upbitinvest.ltd/images/abo-3.png]
[upbitinvest.ltd/images/sta-bg.png]
[upbitinvest.ltd/images/planbg1.png]
[upbitinvest.ltd/images/planbg2.png]
[upbitinvest.ltd/images/depo-bg.jpg]
[upbitinvest.ltd/images/foot-bg.jpg]
[upbitinvest.ltd/images/foot-bg1.jpg]
[upbitinvest.ltd/style.css]
[upbitinvest.ltd/wind.css]
[upbitinvest.ltd/faqstyle.css]
[upbitinvest.ltd/animate.css]
[upbitinvest.ltd/calcpopupstyle.html]
[upbitinvest.ltd/hover.css]
[upbitinvest.ltd/plan-slide.html]
[upbitinvest.ltd/lity.css]
[upbitinvest.ltd/style-admin.css]
[upbitinvest.ltd/responsive-admin.css]
[upbitinvest.ltd/owl.carousel.min.css]
[upbitinvest.ltd/owl.theme.default.min.css]
[upbitinvest.ltd/popup.css]
[upbitinvest.ltd/jquery.simplyscroll.css]
[cdnjs.cloudflare.com/ajax/libs/font-awesome/4.7.0/css/font-awesome.min.css]
[use.fontawesome.com/releases/v5.7.2/css/all.css]
[maxcdn.bootstrapcdn.com/bootstrap/3.3.7/css/bootstrap.min.css]
[upbitinvest.ltd/css/bootstrap.min.html]
[upbitinvest.ltd/ie10-viewport-bug-workaround.html]
[upbitinvest.ltd/indexbc14.html]
[upbitinvest.ltd/index1fa7.html]
[cdnjs.cloudflare.com/ajax/libs/jquery/2.1.3/jquery.min.js]
[upbitinvest.ltd/index8083.html]
[upbitinvest.ltd/images/js/faqscript.js]
[upbitinvest.ltd/index38cd.html]
[upbitinvest.ltd/indexa972.html]
[upbitinvest.ltd/images/support2.jpg]
[upbitinvest.ltd/index15a0.html]
[upbitinvest.ltd/indexc30b.html]
[upbitinvest.ltd/indexcca3.html]
[translate.google.com/translate_a/elementa0d8.html]
[upbitinvest.ltd/index489c.html]
[upbitinvest.ltd/index2851.html]
[upbitinvest.ltd/Sanuk-Mediumd41d.html]
[upbitinvest.ltd/Sanuk-Medium.html]
[upbitinvest.ltd/fonts/Sanuk-Medium.svg]
[upbitinvest.ltd/images/disabled.html]
[upbitinvest.ltd/images/enabled.html]
[upbitinvest.ltd/images/tablet.html]
[upbitinvest.ltd/images/polygon-wrapper.html]
[upbitinvest.ltd/images/polygon-1-hover.html]
[upbitinvest.ltd/images/polygon-1.html]
[upbitinvest.ltd/images/arrow-bg.html]
[upbitinvest.ltd/images/polygon-2-hover.html]
[upbitinvest.ltd/images/polygon-2.html]
[upbitinvest.ltd/images/polygon-3-hover.html]
[upbitinvest.ltd/images/polygon-3.html]
[upbitinvest.ltd/images/polygon-4-hover.html]
[upbitinvest.ltd/images/polygon-4.html]
[upbitinvest.ltd/images/polygon-5-hover.html]
[upbitinvest.ltd/images/polygon-5.html]
[upbitinvest.ltd/images/polygon-6-hover.html]
[upbitinvest.ltd/images/polygon-6.html]
[upbitinvest.ltd/images/title-after.html]
[upbitinvest.ltd/images/chart.html]
[upbitinvest.ltd/images/fundsFromBg.html]
[upbitinvest.ltd/images/planBg.html]
[upbitinvest.ltd/images/banner-3.html]
[upbitinvest.ltd/images/dash.html]
[upbitinvest.ltd/images/banner_10.html]
[upbitinvest.ltd/images/plan_bg.html]
[upbitinvest.ltd/images/pay-bg.html]
[upbitinvest.ltd/images/plan-bg.html]
[upbitinvest.ltd/images/refer-bg.html]
[upbitinvest.ltd/images/dshbxbk0.html]
[upbitinvest.ltd/images/dshbxsdw.html]
[upbitinvest.ltd/images/grey_buildings.html]
[upbitinvest.ltd/images/inner-bg.html]
[upbitinvest.ltd/images/white_curve_bg.html]
[upbitinvest.ltd/images/plan_title_design.html]
[upbitinvest.ltd/images/plan_icon_bg_2.html]
[upbitinvest.ltd/images/plan_icon_bg_1.html]
[upbitinvest.ltd/images/plan_icon_bg_3.html]
[upbitinvest.ltd/owl.video.play.html]
[upbitinvest.ltd/buttons.html]
[upbitinvest.ltd/index8083.html]
